// Jest Snapshot v1, https://goo.gl/fbAQLP

exports[`Experience Section Styles renders the ExperienceSectionHeader correctly 1`] = `
<StyledComponent
  forwardedComponent={
    Object {
      "$$typeof": Symbol(react.forward_ref),
      "attrs": Array [],
      "componentStyle": ComponentStyle {
        "componentId": "sc-bdVaJa",
        "isStatic": false,
        "rules": Array [
          "
    font-weight: 300;
    color: ",
          "#FFFFFF",
          ";
    font-size: 18pt;

    @media (min-width: 800px) {
        font-size: 22pt;
    }
",
        ],
      },
      "displayName": "styled.h3",
      "foldedComponentIds": Array [],
      "render": [Function],
      "styledComponentId": "sc-bdVaJa",
      "target": "h3",
      "toString": [Function],
      "usesTheme": false,
      "warnTooManyClasses": [Function],
      "withComponent": [Function],
    }
  }
  forwardedRef={null}
/>
`;
